[debug] [2026-02-03T18:18:00.277Z] ----------------------------------------------------------------------
[debug] [2026-02-03T18:18:00.280Z] Command:       C:\Program Files\nodejs\node.exe C:\Users\justi\AppData\Roaming\npm\node_modules\firebase-tools\lib\bin\firebase.js deploy
[debug] [2026-02-03T18:18:00.280Z] CLI Version:   15.5.1
[debug] [2026-02-03T18:18:00.280Z] Platform:      win32
[debug] [2026-02-03T18:18:00.280Z] Node Version:  v24.13.0
[debug] [2026-02-03T18:18:00.280Z] Time:          Tue Feb 03 2026 23:48:00 GMT+0530 (India Standard Time)
[debug] [2026-02-03T18:18:00.280Z] ----------------------------------------------------------------------
[debug] 
[debug] [2026-02-03T18:18:00.282Z] >>> [apiv2][query] GET https://firebase-public.firebaseio.com/cli.json [none]
[debug] [2026-02-03T18:18:02.306Z] > command requires scopes: ["email","openid","https://www.googleapis.com/auth/cloudplatformprojects.readonly","https://www.googleapis.com/auth/firebase","https://www.googleapis.com/auth/cloud-platform"]
[debug] [2026-02-03T18:18:02.306Z] > authorizing via signed-in user (justincherian2005@gmail.com)
[debug] [2026-02-03T18:18:02.307Z] [iam] checking project bookit-56e35 for permissions ["firebase.projects.get","firebasehosting.sites.update"]
[debug] [2026-02-03T18:18:02.307Z] Checked if tokens are valid: false, expires at: 1769805373079
[debug] [2026-02-03T18:18:02.307Z] Checked if tokens are valid: false, expires at: 1769805373079
[debug] [2026-02-03T18:18:02.307Z] > refreshing access token with scopes: []
[debug] [2026-02-03T18:18:02.309Z] >>> [apiv2][query] POST https://www.googleapis.com/oauth2/v3/token [none]
[debug] [2026-02-03T18:18:02.309Z] >>> [apiv2][body] POST https://www.googleapis.com/oauth2/v3/token [omitted]
[debug] [2026-02-03T18:18:02.639Z] <<< [apiv2][status] POST https://www.googleapis.com/oauth2/v3/token 200
[debug] [2026-02-03T18:18:02.640Z] <<< [apiv2][body] POST https://www.googleapis.com/oauth2/v3/token [omitted]
[debug] [2026-02-03T18:18:02.644Z] >>> [apiv2][query] POST https://cloudresourcemanager.googleapis.com/v1/projects/bookit-56e35:testIamPermissions [none]
[debug] [2026-02-03T18:18:02.644Z] >>> [apiv2][(partial)header] POST https://cloudresourcemanager.googleapis.com/v1/projects/bookit-56e35:testIamPermissions  x-goog-user-project=bookit-56e35
[debug] [2026-02-03T18:18:02.644Z] >>> [apiv2][body] POST https://cloudresourcemanager.googleapis.com/v1/projects/bookit-56e35:testIamPermissions {"permissions":["firebase.projects.get","firebasehosting.sites.update"]}
[debug] [2026-02-03T18:18:02.964Z] <<< [apiv2][status] GET https://firebase-public.firebaseio.com/cli.json 200
[debug] [2026-02-03T18:18:02.964Z] <<< [apiv2][body] GET https://firebase-public.firebaseio.com/cli.json {"cloudBuildErrorAfter":1594252800000,"cloudBuildWarnAfter":1590019200000,"defaultNode10After":1594252800000,"minVersion":"3.0.5","node8DeploysDisabledAfter":1613390400000,"node8RuntimeDisabledAfter":1615809600000,"node8WarnAfter":1600128000000}
[debug] [2026-02-03T18:18:04.441Z] <<< [apiv2][status] POST https://cloudresourcemanager.googleapis.com/v1/projects/bookit-56e35:testIamPermissions 200
[debug] [2026-02-03T18:18:04.441Z] <<< [apiv2][body] POST https://cloudresourcemanager.googleapis.com/v1/projects/bookit-56e35:testIamPermissions {"permissions":["firebase.projects.get","firebasehosting.sites.update"]}
[debug] [2026-02-03T18:18:04.442Z] Checked if tokens are valid: true, expires at: 1770146281640
[debug] [2026-02-03T18:18:04.442Z] Checked if tokens are valid: true, expires at: 1770146281640
[debug] [2026-02-03T18:18:04.442Z] >>> [apiv2][query] GET https://firebase.googleapis.com/v1beta1/projects/bookit-56e35 [none]
[debug] [2026-02-03T18:18:04.991Z] <<< [apiv2][status] GET https://firebase.googleapis.com/v1beta1/projects/bookit-56e35 200
[debug] [2026-02-03T18:18:04.991Z] <<< [apiv2][body] GET https://firebase.googleapis.com/v1beta1/projects/bookit-56e35 {"projectId":"bookit-56e35","projectNumber":"813441391899","displayName":"BOOKIT","name":"projects/bookit-56e35","resources":{"hostingSite":"bookit-56e35"},"state":"ACTIVE","etag":"1_63af57bc-6adb-4257-a0dd-ebf9dd1bcf71"}
[info] 
[info] === Deploying to 'bookit-56e35'...
[info] 
[info] i  deploying hosting 
[debug] [2026-02-03T18:18:04.996Z] Checked if tokens are valid: true, expires at: 1770146281640
[debug] [2026-02-03T18:18:04.996Z] Checked if tokens are valid: true, expires at: 1770146281640
[debug] [2026-02-03T18:18:04.996Z] >>> [apiv2][query] POST https://firebasehosting.googleapis.com/v1beta1/projects/-/sites/bookit-56e35/versions [none]
[debug] [2026-02-03T18:18:04.996Z] >>> [apiv2][body] POST https://firebasehosting.googleapis.com/v1beta1/projects/-/sites/bookit-56e35/versions {"status":"CREATED","labels":{"deployment-tool":"cli-firebase"}}
[debug] [2026-02-03T18:18:07.116Z] <<< [apiv2][status] POST https://firebasehosting.googleapis.com/v1beta1/projects/-/sites/bookit-56e35/versions 200
[debug] [2026-02-03T18:18:07.117Z] <<< [apiv2][body] POST https://firebasehosting.googleapis.com/v1beta1/projects/-/sites/bookit-56e35/versions {"name":"projects/813441391899/sites/bookit-56e35/versions/bde2b8ddeff1215c","status":"CREATED","config":{},"labels":{"deployment-tool":"cli-firebase"}}
[info] i  hosting[bookit-56e35]: beginning deploy... 
[info] i  hosting[bookit-56e35]: found 71 files in . 
[debug] [2026-02-03T18:18:07.137Z] [hosting] uploading with 200 concurrency
[debug] [2026-02-03T18:18:12.020Z] Checked if tokens are valid: true, expires at: 1770146281640
[debug] [2026-02-03T18:18:12.022Z] Checked if tokens are valid: true, expires at: 1770146281640
[debug] [2026-02-03T18:18:12.027Z] [hosting] hash cache [] stored for 71 files
[debug] [2026-02-03T18:18:12.027Z] [hosting][hash queue][FINAL] {"max":4877,"min":0,"avg":306.686882867741,"active":0,"complete":71,"success":71,"errored":0,"retried":0,"total":71,"elapsed":4888}
[debug] [2026-02-03T18:18:12.029Z] >>> [apiv2][query] POST https://firebasehosting.googleapis.com/v1beta1/projects/813441391899/sites/bookit-56e35/versions/bde2b8ddeff1215c:populateFiles [none]
[debug] [2026-02-03T18:18:12.029Z] >>> [apiv2][body] POST https://firebasehosting.googleapis.com/v1beta1/projects/813441391899/sites/bookit-56e35/versions/bde2b8ddeff1215c:populateFiles {"files":{"/venues.html":"25342270cc094151b595bc2e5686dc4d4f3867c5aa45c22177d44f2dd693b759","/venue-seminar-hall-4.html":"d386cf7e57e507cd0536f73e3571d335d7dc1d5b9e72282fadb661292240147f","/venue-seminar-hall-3.html":"80e4c6296ec3d221977d68a5ad3a2687219a9e4d1dfc41f45c04b834271592a4","/venue-seminar-hall-2.html":"67143307eb36fbee944b531fe50126f0d0da200ce0266535766bbc1aa1f4ee16","/venue-seminar-hall-1.html":"dda9753aae113c87e18fc86925019396d8fc6817b14048b21ea26f184ac33157","/venue-main-auditorium.html":"c35ddca11f5f36bb63a04cb378c3925e43c695a08d66c236a0e5261fe3eefcc1","/venue-apj-hall.html":"a9d535b8d6b2ae19724f76189bf3c09c277dc80d776260dda86f6d7a908fd93e","/sports.html":"0ef49aba4bd44297ebb437ceea551247171e7870005ecd34a80cb8d21e9bdbfd","/profile.html":"ec95aed70fc0c36cb1eabd484db8a7202ce4d735f3ed9b99d3a65640b6007645","/personal.html":"7d2f4385decd13e6e7707772a9e7478104019bbfb74890c4e3d9a53934298064","/cricket-images.html":"5cb5ecff5407e94799908a8a3b2bafeb91cd2dc66d3abf416a152c4ae8543172","/changepassword.html":"74a9f3da0859f911f12d8676ffa3082664cd9f0bb8877e1c7a82693c0eaf9989","/admin.html":"6b5cafe7451de7e89680714bc383dedbc507216e84f29fe1bcebe50aac1ea7b3","/images/volleyball.png":"07ad01437e2899c2473526c43622f54abe6069fe67159a29c6a2ef3a9194eb55","/images/tabletennis.png":"2a46fff1668a00ff605c15e2fcb4d48cdde08e651b26cad18ed0b388bbcbffd0","/images/sh5.png":"af722feb8baf5a35f6568caf8cfc11f3f3debe8464a78c610ead63e3a6ac9316","/images/sh4.png":"9ad09660cf5ecf7697de19588bbba2ba1d13660ef58c4a4b2b624d87e355fff9","/images/sh3.png":"43bfd70af493d7d8c7751c8d6f334b96151920d30ed01114ab7beb76ae303499","/images/sh2.png":"23ce375575fcc54ff3256797b54931180161b7601c16c2335854ec74b1260291","/images/sh1.png":"6f0f3d75c785773feba3794877328762451331a65fc51906146b72ee5ff61be5","/images/outdoor-badminton.png":"c411b2fd1b90fd890c27ff6fc76fb903e114a0a4691ffb2284a347b13e3d0f92","/images/mainauditorium.png":"123a2c91146ae425beb2c5e99db8c080e1b071774fee7e34913777c5d0ce92a5","/images/main-ground.png":"62f88c0fac8fdef5a3eb0fd6f22a83a7e7cd80125a301bf47f8c1a16ce7d6c70","/images/indoor-badminton.png":"186e419e5c45bf171647378c15b32260bd42e9428987912d041aef53d0e65737","/images/cricket5.jpg":"4bf5604a1013b219e1615c6d2402cbec3dd00207ce2d00e31b5964856d117336","/images/cricket4.webp":"1bac8a1f3a059f7f2f8a972a5172cc04570590e867259e706cfcabf1ea44c3b3","/images/cricket3.jpeg":"2c716450ace6f3c480dceb0376a3b715cb29282d6d91e04eb4eb7db1071c0ac9","/images/cricket2.jpg":"ff5ffe677cdb4cbd10f28e330ce2d67408335567799cde859ccb6696e64fb766","/images/cricket1.jpg":"8c45f262f5551c879877093e608c4732ba152d587b0171f818d8574e8b6ee00f","/images/cricket-nets.png":"048babeee186977b53ccc560f9da10479cf228eee632bf43b2f1179009a6c9b9","/images/carroms.png":"2b5cec4f2dbff160aec8e5edc1c05ccd0ab69906567f7bf845aa5ca07787a454","/images/basketball.png":"92f12c49e649200ca54cdcb87123fdbfb905154d1d2617cfe3ab911b374fdedb","/images/apj.png":"9a0d687ebca590853def7f21cb79c8702caef31e3f9518cd19f8769bbc67ddfa","/functions/package.json":"988593ab5ffb23aae6bf1db8c82942e780b4fe88c7d38ab7d130762254595b96","/functions/package-lock.json":"462cc777d84c8ded41e9e044765ddbfdb578dff84cd1497bb3e1784524e9da0b","/functions/index.js":"59866b7f206934ace7e5df7b82d837824fcee3eae764e41147bc0b9c31a2d633","/feedback/feedback.html":"f6fb8e566a9f75613a524a592174f0a4a713109caa3c639ddac5d30411f72932","/feedback/feedback.css":"884d93f3adf864d4f65d509aaeff21e6941832e18a2c8aa592eb722ff496c071","/chatbot/chatbot.js":"3c9747451fe4fd28d6525b80dd128519ac7548fc84aee8671b8308321c088bb7","/chatbot/chatbot.html":"027ab21eefab8b45b8246ea25b792e5ed5ea42bbcdc2a4e498438d253e7378f3","/chatbot/chatbot.css":"894a8313f89c095d2283c4c5d61aca4988b3f773bb0dfc85f8bc6634cc2fa2c8","/chatbot/bot.png":"9bc57323255504be77b93c419cf8cb7191e371e81313f1fe5e5c044f657e5896","/sport-table-tennis.html":"9817ed0b48d2d05b0a44193b7d3a63fad3d91964211142c8991ec9cc725a7ba0","/sport-carroms.html":"341c7a9878cf474f0cb0a4a6b970a5708b8513f69e94e24a064d0f7bec49d477","/sport-volleyball.html":"feac0d920efd21e274ec9179a3e61cb23ea80aa445d6b84ea557e4e45d3dfe8a","/sport-cricket-nets.html":"7f1c1aead0269edd42d7627a19b3cd373aea9f0c74e400af6299540e6d9e77ea","/sport-badminton-outdoor.html":"a306b979799f2f09eac04531f982b7886b48ff0c4c820c0f4a7b8364ccafc2c3","/firebase-config.js":"faff4e850dd5db1f44630f862b557fc8c69451df4aab173ac1e6920b7f60d800","/sport-badminton-indoor.html":"12794d69c79b5176bdc5679db080597f5a37d68138352661bdf3171a2a4ce451","/index.html":"346967126a6e7dbf71910c999c9917aa6fa51def39e65e23c77201804ccaf8be","/user.html":"ee4fc7e58d28d560df8ac3a188d71b5ac531fc09775b012362e6ea0465818534","/bookings.html":"91d4c9f736ed43f1258caa8e89edfb0211463cef6cb92404c8de6f98a78306ed","/sport-basketball.html":"09a525f2e46261b365e717a22e676246f28672ed5b3a8d6f577ba437399a543f","/request.html":"7da485e7066f836af7501b0e1c051dfce610fb8f66cfcf4cfc335814b0511165","/slots.html":"3c26980a2e9a2973b1ed088a5f76e1bad753ae7145c96922761d30a08cf026d8","/images/plogo.jpeg":"f0a0b634e81c337a15e36a3a15f919aafe81f2b5a5d45c241170a89f352f68ad","/feedback/feedback.js":"d6cc355b630fe348a21f9242174c286f77231ce574ca0283d58c9ea860bdb12b","/sport-main-ground.html":"74079934aa6b997735bcb16566e3510219c8df763be9e80adc0dc757743626c9","/images/football3.jpg":"47a57793b3faedcde548404105d39d2f852d74a06ef8fcf46007612bf497b57a","/images/football2.jpg":"33f432d22a98429da5d92361b44ad7dfa08fc7eac972642eac5834dce3f44950","/images/football4.jpg":"384b5b671f088db3b3fa3a94072126d77701df7b8f336cc6a73520b87a49ce23","/images/football5.jpg":"6753a8426498ccc0d0e722fe1469041a5d19a9ad2f0519c5e79084056f5369e1","/images/football1.jpg":"271d90000e2d179d7cf80a0f06209981cdb4d8df6cdb74546005b904f467c408","/images/badmintonoutvid.mp4":"738061085b5efbd69ff1e556c4f641b3d46a657980e63b5e0b2bb27831a76337","/images/badmintoninvid.mp4":"d79d1b9af93c66607418973d6562eb4b01ab36bb559248ecd63d8dc586b2ebf7","/images/collage.jpg.jpeg":"98e11eb1f2b9650e8e5d0c6791cbba58a6feac34a8687b0a400d537aa8a0672d","/images/footballvid.mp4":"bd8b4ebbd73a5f6f51aff7994558b3706a2aaf9c011753598f342765c6dc4917","/images/basketvid.mp4":"8738f178cc73e7592e8af6d42f64c46c149d87754a40fbf831ec2cec1e568253","/images/cricketvid.mp4":"d706188b5eb3badbbefe57cba3500648aa07ae053b6a5ee43a0471abdc5a5fc6","/images/tennisvid.mp4":"4fe520caaf35665061e028732f143a902b36dd045d6b55050e875059953d5acf","/images/volleyvid.mp4":"dc18d245aeb17de0742ce0f8e62e2664b219553f627ccff1a79515fed39f0cf8"}}
[debug] [2026-02-03T18:18:12.525Z] <<< [apiv2][status] POST https://firebasehosting.googleapis.com/v1beta1/projects/813441391899/sites/bookit-56e35/versions/bde2b8ddeff1215c:populateFiles 200
[debug] [2026-02-03T18:18:12.525Z] <<< [apiv2][body] POST https://firebasehosting.googleapis.com/v1beta1/projects/813441391899/sites/bookit-56e35/versions/bde2b8ddeff1215c:populateFiles {"uploadRequiredHashes":["d706188b5eb3badbbefe57cba3500648aa07ae053b6a5ee43a0471abdc5a5fc6","dc18d245aeb17de0742ce0f8e62e2664b219553f627ccff1a79515fed39f0cf8","8738f178cc73e7592e8af6d42f64c46c149d87754a40fbf831ec2cec1e568253","6753a8426498ccc0d0e722fe1469041a5d19a9ad2f0519c5e79084056f5369e1","738061085b5efbd69ff1e556c4f641b3d46a657980e63b5e0b2bb27831a76337","384b5b671f088db3b3fa3a94072126d77701df7b8f336cc6a73520b87a49ce23","d6cc355b630fe348a21f9242174c286f77231ce574ca0283d58c9ea860bdb12b","91d4c9f736ed43f1258caa8e89edfb0211463cef6cb92404c8de6f98a78306ed","bd8b4ebbd73a5f6f51aff7994558b3706a2aaf9c011753598f342765c6dc4917","a306b979799f2f09eac04531f982b7886b48ff0c4c820c0f4a7b8364ccafc2c3","ee4fc7e58d28d560df8ac3a188d71b5ac531fc09775b012362e6ea0465818534","09a525f2e46261b365e717a22e676246f28672ed5b3a8d6f577ba437399a543f","346967126a6e7dbf71910c999c9917aa6fa51def39e65e23c77201804ccaf8be","7f1c1aead0269edd42d7627a19b3cd373aea9f0c74e400af6299540e6d9e77ea","4fe520caaf35665061e028732f143a902b36dd045d6b55050e875059953d5acf","341c7a9878cf474f0cb0a4a6b970a5708b8513f69e94e24a064d0f7bec49d477","7da485e7066f836af7501b0e1c051dfce610fb8f66cfcf4cfc335814b0511165","9817ed0b48d2d05b0a44193b7d3a63fad3d91964211142c8991ec9cc725a7ba0","271d90000e2d179d7cf80a0f06209981cdb4d8df6cdb74546005b904f467c408","33f432d22a98429da5d92361b44ad7dfa08fc7eac972642eac5834dce3f44950","12794d69c79b5176bdc5679db080597f5a37d68138352661bdf3171a2a4ce451","f0a0b634e81c337a15e36a3a15f919aafe81f2b5a5d45c241170a89f352f68ad","feac0d920efd21e274ec9179a3e61cb23ea80aa445d6b84ea557e4e45d3dfe8a","74079934aa6b997735bcb16566e3510219c8df763be9e80adc0dc757743626c9","98e11eb1f2b9650e8e5d0c6791cbba58a6feac34a8687b0a400d537aa8a0672d","47a57793b3faedcde548404105d39d2f852d74a06ef8fcf46007612bf497b57a","d79d1b9af93c66607418973d6562eb4b01ab36bb559248ecd63d8dc586b2ebf7","3c26980a2e9a2973b1ed088a5f76e1bad753ae7145c96922761d30a08cf026d8"],"uploadUrl":"https://upload-firebasehosting.googleapis.com/upload/sites/bookit-56e35/versions/bde2b8ddeff1215c/files"}
[debug] [2026-02-03T18:18:12.526Z] Checked if tokens are valid: true, expires at: 1770146281640
[debug] [2026-02-03T18:18:12.526Z] Checked if tokens are valid: true, expires at: 1770146281640
[debug] [2026-02-03T18:18:12.526Z] Checked if tokens are valid: true, expires at: 1770146281640
[debug] [2026-02-03T18:18:12.527Z] Checked if tokens are valid: true, expires at: 1770146281640
[debug] [2026-02-03T18:18:12.527Z] Checked if tokens are valid: true, expires at: 1770146281640
[debug] [2026-02-03T18:18:12.528Z] Checked if tokens are valid: true, expires at: 1770146281640
[debug] [2026-02-03T18:18:12.528Z] Checked if tokens are valid: true, expires at: 1770146281640
[debug] [2026-02-03T18:18:12.528Z] Checked if tokens are valid: true, expires at: 1770146281640
[debug] [2026-02-03T18:18:12.528Z] Checked if tokens are valid: true, expires at: 1770146281640
[debug] [2026-02-03T18:18:12.528Z] Checked if tokens are valid: true, expires at: 1770146281640
[debug] [2026-02-03T18:18:12.529Z] Checked if tokens are valid: true, expires at: 1770146281640
[debug] [2026-02-03T18:18:12.529Z] Checked if tokens are valid: true, expires at: 1770146281640
[debug] [2026-02-03T18:18:12.529Z] Checked if tokens are valid: true, expires at: 1770146281640
[debug] [2026-02-03T18:18:12.529Z] Checked if tokens are valid: true, expires at: 1770146281640
[debug] [2026-02-03T18:18:12.530Z] Checked if tokens are valid: true, expires at: 1770146281640
[debug] [2026-02-03T18:18:12.530Z] Checked if tokens are valid: true, expires at: 1770146281640
[debug] [2026-02-03T18:18:12.530Z] Checked if tokens are valid: true, expires at: 1770146281640
[debug] [2026-02-03T18:18:12.530Z] Checked if tokens are valid: true, expires at: 1770146281640
[debug] [2026-02-03T18:18:12.530Z] Checked if tokens are valid: true, expires at: 1770146281640
[debug] [2026-02-03T18:18:12.530Z] Checked if tokens are valid: true, expires at: 1770146281640
[debug] [2026-02-03T18:18:12.530Z] Checked if tokens are valid: true, expires at: 1770146281640
[debug] [2026-02-03T18:18:12.531Z] Checked if tokens are valid: true, expires at: 1770146281640
[debug] [2026-02-03T18:18:12.531Z] Checked if tokens are valid: true, expires at: 1770146281640
[debug] [2026-02-03T18:18:12.531Z] Checked if tokens are valid: true, expires at: 1770146281640
[debug] [2026-02-03T18:18:12.531Z] Checked if tokens are valid: true, expires at: 1770146281640
[debug] [2026-02-03T18:18:12.531Z] Checked if tokens are valid: true, expires at: 1770146281640
[debug] [2026-02-03T18:18:12.531Z] Checked if tokens are valid: true, expires at: 1770146281640
[debug] [2026-02-03T18:18:12.531Z] Checked if tokens are valid: true, expires at: 1770146281640
[debug] [2026-02-03T18:18:12.532Z] Checked if tokens are valid: true, expires at: 1770146281640
[debug] [2026-02-03T18:18:12.532Z] Checked if tokens are valid: true, expires at: 1770146281640
[debug] [2026-02-03T18:18:12.532Z] Checked if tokens are valid: true, expires at: 1770146281640
[debug] [2026-02-03T18:18:12.532Z] Checked if tokens are valid: true, expires at: 1770146281640
[debug] [2026-02-03T18:18:12.532Z] Checked if tokens are valid: true, expires at: 1770146281640
[debug] [2026-02-03T18:18:12.532Z] Checked if tokens are valid: true, expires at: 1770146281640
[debug] [2026-02-03T18:18:12.532Z] Checked if tokens are valid: true, expires at: 1770146281640
[debug] [2026-02-03T18:18:12.532Z] Checked if tokens are valid: true, expires at: 1770146281640
[debug] [2026-02-03T18:18:12.532Z] Checked if tokens are valid: true, expires at: 1770146281640
[debug] [2026-02-03T18:18:12.533Z] Checked if tokens are valid: true, expires at: 1770146281640
[debug] [2026-02-03T18:18:12.533Z] Checked if tokens are valid: true, expires at: 1770146281640
[debug] [2026-02-03T18:18:12.533Z] Checked if tokens are valid: true, expires at: 1770146281640
[debug] [2026-02-03T18:18:12.533Z] Checked if tokens are valid: true, expires at: 1770146281640
[debug] [2026-02-03T18:18:12.533Z] Checked if tokens are valid: true, expires at: 1770146281640
[debug] [2026-02-03T18:18:12.533Z] Checked if tokens are valid: true, expires at: 1770146281640
[debug] [2026-02-03T18:18:12.533Z] Checked if tokens are valid: true, expires at: 1770146281640
[debug] [2026-02-03T18:18:12.533Z] Checked if tokens are valid: true, expires at: 1770146281640
[debug] [2026-02-03T18:18:12.533Z] Checked if tokens are valid: true, expires at: 1770146281640
[debug] [2026-02-03T18:18:12.534Z] Checked if tokens are valid: true, expires at: 1770146281640
[debug] [2026-02-03T18:18:12.534Z] Checked if tokens are valid: true, expires at: 1770146281640
[debug] [2026-02-03T18:18:12.534Z] Checked if tokens are valid: true, expires at: 1770146281640
[debug] [2026-02-03T18:18:12.534Z] Checked if tokens are valid: true, expires at: 1770146281640
[debug] [2026-02-03T18:18:12.534Z] Checked if tokens are valid: true, expires at: 1770146281640
[debug] [2026-02-03T18:18:12.534Z] Checked if tokens are valid: true, expires at: 1770146281640
[debug] [2026-02-03T18:18:12.534Z] Checked if tokens are valid: true, expires at: 1770146281640
[debug] [2026-02-03T18:18:12.534Z] Checked if tokens are valid: true, expires at: 1770146281640
[debug] [2026-02-03T18:18:12.535Z] Checked if tokens are valid: true, expires at: 1770146281640
[debug] [2026-02-03T18:18:12.535Z] Checked if tokens are valid: true, expires at: 1770146281640
[debug] [2026-02-03T18:18:12.535Z] >>> [apiv2][query] POST https://upload-firebasehosting.googleapis.com/upload/sites/bookit-56e35/versions/bde2b8ddeff1215c/files/d706188b5eb3badbbefe57cba3500648aa07ae053b6a5ee43a0471abdc5a5fc6 [none]
[debug] [2026-02-03T18:18:12.535Z] >>> [apiv2][body] POST https://upload-firebasehosting.googleapis.com/upload/sites/bookit-56e35/versions/bde2b8ddeff1215c/files/d706188b5eb3badbbefe57cba3500648aa07ae053b6a5ee43a0471abdc5a5fc6 [stream]
[debug] [2026-02-03T18:18:12.545Z] >>> [apiv2][query] POST https://upload-firebasehosting.googleapis.com/upload/sites/bookit-56e35/versions/bde2b8ddeff1215c/files/dc18d245aeb17de0742ce0f8e62e2664b219553f627ccff1a79515fed39f0cf8 [none]
[debug] [2026-02-03T18:18:12.545Z] >>> [apiv2][body] POST https://upload-firebasehosting.googleapis.com/upload/sites/bookit-56e35/versions/bde2b8ddeff1215c/files/dc18d245aeb17de0742ce0f8e62e2664b219553f627ccff1a79515fed39f0cf8 [stream]
[debug] [2026-02-03T18:18:12.547Z] >>> [apiv2][query] POST https://upload-firebasehosting.googleapis.com/upload/sites/bookit-56e35/versions/bde2b8ddeff1215c/files/8738f178cc73e7592e8af6d42f64c46c149d87754a40fbf831ec2cec1e568253 [none]
[debug] [2026-02-03T18:18:12.547Z] >>> [apiv2][body] POST https://upload-firebasehosting.googleapis.com/upload/sites/bookit-56e35/versions/bde2b8ddeff1215c/files/8738f178cc73e7592e8af6d42f64c46c149d87754a40fbf831ec2cec1e568253 [stream]
[debug] [2026-02-03T18:18:12.549Z] >>> [apiv2][query] POST https://upload-firebasehosting.googleapis.com/upload/sites/bookit-56e35/versions/bde2b8ddeff1215c/files/6753a8426498ccc0d0e722fe1469041a5d19a9ad2f0519c5e79084056f5369e1 [none]
[debug] [2026-02-03T18:18:12.549Z] >>> [apiv2][body] POST https://upload-firebasehosting.googleapis.com/upload/sites/bookit-56e35/versions/bde2b8ddeff1215c/files/6753a8426498ccc0d0e722fe1469041a5d19a9ad2f0519c5e79084056f5369e1 [stream]
[debug] [2026-02-03T18:18:12.551Z] >>> [apiv2][query] POST https://upload-firebasehosting.googleapis.com/upload/sites/bookit-56e35/versions/bde2b8ddeff1215c/files/738061085b5efbd69ff1e556c4f641b3d46a657980e63b5e0b2bb27831a76337 [none]
[debug] [2026-02-03T18:18:12.551Z] >>> [apiv2][body] POST https://upload-firebasehosting.googleapis.com/upload/sites/bookit-56e35/versions/bde2b8ddeff1215c/files/738061085b5efbd69ff1e556c4f641b3d46a657980e63b5e0b2bb27831a76337 [stream]
[debug] [2026-02-03T18:18:12.553Z] >>> [apiv2][query] POST https://upload-firebasehosting.googleapis.com/upload/sites/bookit-56e35/versions/bde2b8ddeff1215c/files/384b5b671f088db3b3fa3a94072126d77701df7b8f336cc6a73520b87a49ce23 [none]
[debug] [2026-02-03T18:18:12.553Z] >>> [apiv2][body] POST https://upload-firebasehosting.googleapis.com/upload/sites/bookit-56e35/versions/bde2b8ddeff1215c/files/384b5b671f088db3b3fa3a94072126d77701df7b8f336cc6a73520b87a49ce23 [stream]
[debug] [2026-02-03T18:18:12.554Z] >>> [apiv2][query] POST https://upload-firebasehosting.googleapis.com/upload/sites/bookit-56e35/versions/bde2b8ddeff1215c/files/d6cc355b630fe348a21f9242174c286f77231ce574ca0283d58c9ea860bdb12b [none]
[debug] [2026-02-03T18:18:12.554Z] >>> [apiv2][body] POST https://upload-firebasehosting.googleapis.com/upload/sites/bookit-56e35/versions/bde2b8ddeff1215c/files/d6cc355b630fe348a21f9242174c286f77231ce574ca0283d58c9ea860bdb12b [stream]
[debug] [2026-02-03T18:18:12.556Z] >>> [apiv2][query] POST https://upload-firebasehosting.googleapis.com/upload/sites/bookit-56e35/versions/bde2b8ddeff1215c/files/91d4c9f736ed43f1258caa8e89edfb0211463cef6cb92404c8de6f98a78306ed [none]
[debug] [2026-02-03T18:18:12.556Z] >>> [apiv2][body] POST https://upload-firebasehosting.googleapis.com/upload/sites/bookit-56e35/versions/bde2b8ddeff1215c/files/91d4c9f736ed43f1258caa8e89edfb0211463cef6cb92404c8de6f98a78306ed [stream]
[debug] [2026-02-03T18:18:12.558Z] >>> [apiv2][query] POST https://upload-firebasehosting.googleapis.com/upload/sites/bookit-56e35/versions/bde2b8ddeff1215c/files/bd8b4ebbd73a5f6f51aff7994558b3706a2aaf9c011753598f342765c6dc4917 [none]
[debug] [2026-02-03T18:18:12.558Z] >>> [apiv2][body] POST https://upload-firebasehosting.googleapis.com/upload/sites/bookit-56e35/versions/bde2b8ddeff1215c/files/bd8b4ebbd73a5f6f51aff7994558b3706a2aaf9c011753598f342765c6dc4917 [stream]
[debug] [2026-02-03T18:18:12.560Z] >>> [apiv2][query] POST https://upload-firebasehosting.googleapis.com/upload/sites/bookit-56e35/versions/bde2b8ddeff1215c/files/a306b979799f2f09eac04531f982b7886b48ff0c4c820c0f4a7b8364ccafc2c3 [none]
[debug] [2026-02-03T18:18:12.560Z] >>> [apiv2][body] POST https://upload-firebasehosting.googleapis.com/upload/sites/bookit-56e35/versions/bde2b8ddeff1215c/files/a306b979799f2f09eac04531f982b7886b48ff0c4c820c0f4a7b8364ccafc2c3 [stream]
[debug] [2026-02-03T18:18:12.562Z] >>> [apiv2][query] POST https://upload-firebasehosting.googleapis.com/upload/sites/bookit-56e35/versions/bde2b8ddeff1215c/files/ee4fc7e58d28d560df8ac3a188d71b5ac531fc09775b012362e6ea0465818534 [none]
[debug] [2026-02-03T18:18:12.562Z] >>> [apiv2][body] POST https://upload-firebasehosting.googleapis.com/upload/sites/bookit-56e35/versions/bde2b8ddeff1215c/files/ee4fc7e58d28d560df8ac3a188d71b5ac531fc09775b012362e6ea0465818534 [stream]
[debug] [2026-02-03T18:18:12.564Z] >>> [apiv2][query] POST https://upload-firebasehosting.googleapis.com/upload/sites/bookit-56e35/versions/bde2b8ddeff1215c/files/09a525f2e46261b365e717a22e676246f28672ed5b3a8d6f577ba437399a543f [none]
[debug] [2026-02-03T18:18:12.564Z] >>> [apiv2][body] POST https://upload-firebasehosting.googleapis.com/upload/sites/bookit-56e35/versions/bde2b8ddeff1215c/files/09a525f2e46261b365e717a22e676246f28672ed5b3a8d6f577ba437399a543f [stream]
[debug] [2026-02-03T18:18:12.565Z] >>> [apiv2][query] POST https://upload-firebasehosting.googleapis.com/upload/sites/bookit-56e35/versions/bde2b8ddeff1215c/files/346967126a6e7dbf71910c999c9917aa6fa51def39e65e23c77201804ccaf8be [none]
[debug] [2026-02-03T18:18:12.565Z] >>> [apiv2][body] POST https://upload-firebasehosting.googleapis.com/upload/sites/bookit-56e35/versions/bde2b8ddeff1215c/files/346967126a6e7dbf71910c999c9917aa6fa51def39e65e23c77201804ccaf8be [stream]
[debug] [2026-02-03T18:18:12.567Z] >>> [apiv2][query] POST https://upload-firebasehosting.googleapis.com/upload/sites/bookit-56e35/versions/bde2b8ddeff1215c/files/7f1c1aead0269edd42d7627a19b3cd373aea9f0c74e400af6299540e6d9e77ea [none]
[debug] [2026-02-03T18:18:12.567Z] >>> [apiv2][body] POST https://upload-firebasehosting.googleapis.com/upload/sites/bookit-56e35/versions/bde2b8ddeff1215c/files/7f1c1aead0269edd42d7627a19b3cd373aea9f0c74e400af6299540e6d9e77ea [stream]
[debug] [2026-02-03T18:18:12.568Z] >>> [apiv2][query] POST https://upload-firebasehosting.googleapis.com/upload/sites/bookit-56e35/versions/bde2b8ddeff1215c/files/4fe520caaf35665061e028732f143a902b36dd045d6b55050e875059953d5acf [none]
[debug] [2026-02-03T18:18:12.568Z] >>> [apiv2][body] POST https://upload-firebasehosting.googleapis.com/upload/sites/bookit-56e35/versions/bde2b8ddeff1215c/files/4fe520caaf35665061e028732f143a902b36dd045d6b55050e875059953d5acf [stream]
[debug] [2026-02-03T18:18:12.569Z] >>> [apiv2][query] POST https://upload-firebasehosting.googleapis.com/upload/sites/bookit-56e35/versions/bde2b8ddeff1215c/files/341c7a9878cf474f0cb0a4a6b970a5708b8513f69e94e24a064d0f7bec49d477 [none]
[debug] [2026-02-03T18:18:12.569Z] >>> [apiv2][body] POST https://upload-firebasehosting.googleapis.com/upload/sites/bookit-56e35/versions/bde2b8ddeff1215c/files/341c7a9878cf474f0cb0a4a6b970a5708b8513f69e94e24a064d0f7bec49d477 [stream]
[debug] [2026-02-03T18:18:12.571Z] >>> [apiv2][query] POST https://upload-firebasehosting.googleapis.com/upload/sites/bookit-56e35/versions/bde2b8ddeff1215c/files/7da485e7066f836af7501b0e1c051dfce610fb8f66cfcf4cfc335814b0511165 [none]
[debug] [2026-02-03T18:18:12.571Z] >>> [apiv2][body] POST https://upload-firebasehosting.googleapis.com/upload/sites/bookit-56e35/versions/bde2b8ddeff1215c/files/7da485e7066f836af7501b0e1c051dfce610fb8f66cfcf4cfc335814b0511165 [stream]
[debug] [2026-02-03T18:18:12.572Z] >>> [apiv2][query] POST https://upload-firebasehosting.googleapis.com/upload/sites/bookit-56e35/versions/bde2b8ddeff1215c/files/9817ed0b48d2d05b0a44193b7d3a63fad3d91964211142c8991ec9cc725a7ba0 [none]
[debug] [2026-02-03T18:18:12.573Z] >>> [apiv2][body] POST https://upload-firebasehosting.googleapis.com/upload/sites/bookit-56e35/versions/bde2b8ddeff1215c/files/9817ed0b48d2d05b0a44193b7d3a63fad3d91964211142c8991ec9cc725a7ba0 [stream]
[debug] [2026-02-03T18:18:12.574Z] >>> [apiv2][query] POST https://upload-firebasehosting.googleapis.com/upload/sites/bookit-56e35/versions/bde2b8ddeff1215c/files/271d90000e2d179d7cf80a0f06209981cdb4d8df6cdb74546005b904f467c408 [none]
[debug] [2026-02-03T18:18:12.574Z] >>> [apiv2][body] POST https://upload-firebasehosting.googleapis.com/upload/sites/bookit-56e35/versions/bde2b8ddeff1215c/files/271d90000e2d179d7cf80a0f06209981cdb4d8df6cdb74546005b904f467c408 [stream]
[debug] [2026-02-03T18:18:12.576Z] >>> [apiv2][query] POST https://upload-firebasehosting.googleapis.com/upload/sites/bookit-56e35/versions/bde2b8ddeff1215c/files/33f432d22a98429da5d92361b44ad7dfa08fc7eac972642eac5834dce3f44950 [none]
[debug] [2026-02-03T18:18:12.576Z] >>> [apiv2][body] POST https://upload-firebasehosting.googleapis.com/upload/sites/bookit-56e35/versions/bde2b8ddeff1215c/files/33f432d22a98429da5d92361b44ad7dfa08fc7eac972642eac5834dce3f44950 [stream]
[debug] [2026-02-03T18:18:12.577Z] >>> [apiv2][query] POST https://upload-firebasehosting.googleapis.com/upload/sites/bookit-56e35/versions/bde2b8ddeff1215c/files/12794d69c79b5176bdc5679db080597f5a37d68138352661bdf3171a2a4ce451 [none]
[debug] [2026-02-03T18:18:12.578Z] >>> [apiv2][body] POST https://upload-firebasehosting.googleapis.com/upload/sites/bookit-56e35/versions/bde2b8ddeff1215c/files/12794d69c79b5176bdc5679db080597f5a37d68138352661bdf3171a2a4ce451 [stream]
[debug] [2026-02-03T18:18:12.579Z] >>> [apiv2][query] POST https://upload-firebasehosting.googleapis.com/upload/sites/bookit-56e35/versions/bde2b8ddeff1215c/files/f0a0b634e81c337a15e36a3a15f919aafe81f2b5a5d45c241170a89f352f68ad [none]
[debug] [2026-02-03T18:18:12.579Z] >>> [apiv2][body] POST https://upload-firebasehosting.googleapis.com/upload/sites/bookit-56e35/versions/bde2b8ddeff1215c/files/f0a0b634e81c337a15e36a3a15f919aafe81f2b5a5d45c241170a89f352f68ad [stream]
[debug] [2026-02-03T18:18:12.580Z] >>> [apiv2][query] POST https://upload-firebasehosting.googleapis.com/upload/sites/bookit-56e35/versions/bde2b8ddeff1215c/files/feac0d920efd21e274ec9179a3e61cb23ea80aa445d6b84ea557e4e45d3dfe8a [none]
[debug] [2026-02-03T18:18:12.580Z] >>> [apiv2][body] POST https://upload-firebasehosting.googleapis.com/upload/sites/bookit-56e35/versions/bde2b8ddeff1215c/files/feac0d920efd21e274ec9179a3e61cb23ea80aa445d6b84ea557e4e45d3dfe8a [stream]
[debug] [2026-02-03T18:18:12.582Z] >>> [apiv2][query] POST https://upload-firebasehosting.googleapis.com/upload/sites/bookit-56e35/versions/bde2b8ddeff1215c/files/74079934aa6b997735bcb16566e3510219c8df763be9e80adc0dc757743626c9 [none]
[debug] [2026-02-03T18:18:12.582Z] >>> [apiv2][body] POST https://upload-firebasehosting.googleapis.com/upload/sites/bookit-56e35/versions/bde2b8ddeff1215c/files/74079934aa6b997735bcb16566e3510219c8df763be9e80adc0dc757743626c9 [stream]
[debug] [2026-02-03T18:18:12.583Z] >>> [apiv2][query] POST https://upload-firebasehosting.googleapis.com/upload/sites/bookit-56e35/versions/bde2b8ddeff1215c/files/98e11eb1f2b9650e8e5d0c6791cbba58a6feac34a8687b0a400d537aa8a0672d [none]
[debug] [2026-02-03T18:18:12.583Z] >>> [apiv2][body] POST https://upload-firebasehosting.googleapis.com/upload/sites/bookit-56e35/versions/bde2b8ddeff1215c/files/98e11eb1f2b9650e8e5d0c6791cbba58a6feac34a8687b0a400d537aa8a0672d [stream]
[debug] [2026-02-03T18:18:12.584Z] >>> [apiv2][query] POST https://upload-firebasehosting.googleapis.com/upload/sites/bookit-56e35/versions/bde2b8ddeff1215c/files/47a57793b3faedcde548404105d39d2f852d74a06ef8fcf46007612bf497b57a [none]
[debug] [2026-02-03T18:18:12.584Z] >>> [apiv2][body] POST https://upload-firebasehosting.googleapis.com/upload/sites/bookit-56e35/versions/bde2b8ddeff1215c/files/47a57793b3faedcde548404105d39d2f852d74a06ef8fcf46007612bf497b57a [stream]
[debug] [2026-02-03T18:18:12.586Z] >>> [apiv2][query] POST https://upload-firebasehosting.googleapis.com/upload/sites/bookit-56e35/versions/bde2b8ddeff1215c/files/d79d1b9af93c66607418973d6562eb4b01ab36bb559248ecd63d8dc586b2ebf7 [none]
[debug] [2026-02-03T18:18:12.586Z] >>> [apiv2][body] POST https://upload-firebasehosting.googleapis.com/upload/sites/bookit-56e35/versions/bde2b8ddeff1215c/files/d79d1b9af93c66607418973d6562eb4b01ab36bb559248ecd63d8dc586b2ebf7 [stream]
[debug] [2026-02-03T18:18:12.588Z] >>> [apiv2][query] POST https://upload-firebasehosting.googleapis.com/upload/sites/bookit-56e35/versions/bde2b8ddeff1215c/files/3c26980a2e9a2973b1ed088a5f76e1bad753ae7145c96922761d30a08cf026d8 [none]
[debug] [2026-02-03T18:18:12.588Z] >>> [apiv2][body] POST https://upload-firebasehosting.googleapis.com/upload/sites/bookit-56e35/versions/bde2b8ddeff1215c/files/3c26980a2e9a2973b1ed088a5f76e1bad753ae7145c96922761d30a08cf026d8 [stream]
[debug] [2026-02-03T18:18:12.589Z] [hosting][populate queue][FINAL] {"max":516,"min":516,"avg":516,"active":0,"complete":1,"success":1,"errored":0,"retried":0,"total":1,"elapsed":570}
[debug] [2026-02-03T18:18:12.589Z] [hosting] uploads queued: 28
[debug] [2026-02-03T18:18:13.986Z] <<< [apiv2][status] POST https://upload-firebasehosting.googleapis.com/upload/sites/bookit-56e35/versions/bde2b8ddeff1215c/files/91d4c9f736ed43f1258caa8e89edfb0211463cef6cb92404c8de6f98a78306ed 200
[debug] [2026-02-03T18:18:13.986Z] <<< [apiv2][body] POST https://upload-firebasehosting.googleapis.com/upload/sites/bookit-56e35/versions/bde2b8ddeff1215c/files/91d4c9f736ed43f1258caa8e89edfb0211463cef6cb92404c8de6f98a78306ed [stream]
[debug] [2026-02-03T18:18:14.047Z] <<< [apiv2][status] POST https://upload-firebasehosting.googleapis.com/upload/sites/bookit-56e35/versions/bde2b8ddeff1215c/files/09a525f2e46261b365e717a22e676246f28672ed5b3a8d6f577ba437399a543f 200
[debug] [2026-02-03T18:18:14.048Z] <<< [apiv2][body] POST https://upload-firebasehosting.googleapis.com/upload/sites/bookit-56e35/versions/bde2b8ddeff1215c/files/09a525f2e46261b365e717a22e676246f28672ed5b3a8d6f577ba437399a543f [stream]
[debug] [2026-02-03T18:18:14.109Z] <<< [apiv2][status] POST https://upload-firebasehosting.googleapis.com/upload/sites/bookit-56e35/versions/bde2b8ddeff1215c/files/74079934aa6b997735bcb16566e3510219c8df763be9e80adc0dc757743626c9 200
[debug] [2026-02-03T18:18:14.110Z] <<< [apiv2][body] POST https://upload-firebasehosting.googleapis.com/upload/sites/bookit-56e35/versions/bde2b8ddeff1215c/files/74079934aa6b997735bcb16566e3510219c8df763be9e80adc0dc757743626c9 [stream]
[debug] [2026-02-03T18:18:14.110Z] <<< [apiv2][status] POST https://upload-firebasehosting.googleapis.com/upload/sites/bookit-56e35/versions/bde2b8ddeff1215c/files/ee4fc7e58d28d560df8ac3a188d71b5ac531fc09775b012362e6ea0465818534 200
[debug] [2026-02-03T18:18:14.110Z] <<< [apiv2][body] POST https://upload-firebasehosting.googleapis.com/upload/sites/bookit-56e35/versions/bde2b8ddeff1215c/files/ee4fc7e58d28d560df8ac3a188d71b5ac531fc09775b012362e6ea0465818534 [stream]
[debug] [2026-02-03T18:18:14.204Z] <<< [apiv2][status] POST https://upload-firebasehosting.googleapis.com/upload/sites/bookit-56e35/versions/bde2b8ddeff1215c/files/feac0d920efd21e274ec9179a3e61cb23ea80aa445d6b84ea557e4e45d3dfe8a 200
[debug] [2026-02-03T18:18:14.204Z] <<< [apiv2][body] POST https://upload-firebasehosting.googleapis.com/upload/sites/bookit-56e35/versions/bde2b8ddeff1215c/files/feac0d920efd21e274ec9179a3e61cb23ea80aa445d6b84ea557e4e45d3dfe8a [stream]
[debug] [2026-02-03T18:18:14.228Z] <<< [apiv2][status] POST https://upload-firebasehosting.googleapis.com/upload/sites/bookit-56e35/versions/bde2b8ddeff1215c/files/a306b979799f2f09eac04531f982b7886b48ff0c4c820c0f4a7b8364ccafc2c3 200
[debug] [2026-02-03T18:18:14.228Z] <<< [apiv2][body] POST https://upload-firebasehosting.googleapis.com/upload/sites/bookit-56e35/versions/bde2b8ddeff1215c/files/a306b979799f2f09eac04531f982b7886b48ff0c4c820c0f4a7b8364ccafc2c3 [stream]
[debug] [2026-02-03T18:18:14.281Z] <<< [apiv2][status] POST https://upload-firebasehosting.googleapis.com/upload/sites/bookit-56e35/versions/bde2b8ddeff1215c/files/7da485e7066f836af7501b0e1c051dfce610fb8f66cfcf4cfc335814b0511165 200
[debug] [2026-02-03T18:18:14.281Z] <<< [apiv2][body] POST https://upload-firebasehosting.googleapis.com/upload/sites/bookit-56e35/versions/bde2b8ddeff1215c/files/7da485e7066f836af7501b0e1c051dfce610fb8f66cfcf4cfc335814b0511165 [stream]
[debug] [2026-02-03T18:18:14.281Z] <<< [apiv2][status] POST https://upload-firebasehosting.googleapis.com/upload/sites/bookit-56e35/versions/bde2b8ddeff1215c/files/341c7a9878cf474f0cb0a4a6b970a5708b8513f69e94e24a064d0f7bec49d477 200
[debug] [2026-02-03T18:18:14.281Z] <<< [apiv2][body] POST https://upload-firebasehosting.googleapis.com/upload/sites/bookit-56e35/versions/bde2b8ddeff1215c/files/341c7a9878cf474f0cb0a4a6b970a5708b8513f69e94e24a064d0f7bec49d477 [stream]
[debug] [2026-02-03T18:18:14.320Z] <<< [apiv2][status] POST https://upload-firebasehosting.googleapis.com/upload/sites/bookit-56e35/versions/bde2b8ddeff1215c/files/3c26980a2e9a2973b1ed088a5f76e1bad753ae7145c96922761d30a08cf026d8 200
[debug] [2026-02-03T18:18:14.320Z] <<< [apiv2][body] POST https://upload-firebasehosting.googleapis.com/upload/sites/bookit-56e35/versions/bde2b8ddeff1215c/files/3c26980a2e9a2973b1ed088a5f76e1bad753ae7145c96922761d30a08cf026d8 [stream]
[debug] [2026-02-03T18:18:14.344Z] <<< [apiv2][status] POST https://upload-firebasehosting.googleapis.com/upload/sites/bookit-56e35/versions/bde2b8ddeff1215c/files/d6cc355b630fe348a21f9242174c286f77231ce574ca0283d58c9ea860bdb12b 200
[debug] [2026-02-03T18:18:14.345Z] <<< [apiv2][body] POST https://upload-firebasehosting.googleapis.com/upload/sites/bookit-56e35/versions/bde2b8ddeff1215c/files/d6cc355b630fe348a21f9242174c286f77231ce574ca0283d58c9ea860bdb12b [stream]
[debug] [2026-02-03T18:18:14.349Z] <<< [apiv2][status] POST https://upload-firebasehosting.googleapis.com/upload/sites/bookit-56e35/versions/bde2b8ddeff1215c/files/7f1c1aead0269edd42d7627a19b3cd373aea9f0c74e400af6299540e6d9e77ea 200
[debug] [2026-02-03T18:18:14.349Z] <<< [apiv2][body] POST https://upload-firebasehosting.googleapis.com/upload/sites/bookit-56e35/versions/bde2b8ddeff1215c/files/7f1c1aead0269edd42d7627a19b3cd373aea9f0c74e400af6299540e6d9e77ea [stream]
[debug] [2026-02-03T18:18:14.517Z] <<< [apiv2][status] POST https://upload-firebasehosting.googleapis.com/upload/sites/bookit-56e35/versions/bde2b8ddeff1215c/files/12794d69c79b5176bdc5679db080597f5a37d68138352661bdf3171a2a4ce451 200
[debug] [2026-02-03T18:18:14.517Z] <<< [apiv2][body] POST https://upload-firebasehosting.googleapis.com/upload/sites/bookit-56e35/versions/bde2b8ddeff1215c/files/12794d69c79b5176bdc5679db080597f5a37d68138352661bdf3171a2a4ce451 [stream]
[debug] [2026-02-03T18:18:14.518Z] <<< [apiv2][status] POST https://upload-firebasehosting.googleapis.com/upload/sites/bookit-56e35/versions/bde2b8ddeff1215c/files/346967126a6e7dbf71910c999c9917aa6fa51def39e65e23c77201804ccaf8be 200
[debug] [2026-02-03T18:18:14.518Z] <<< [apiv2][body] POST https://upload-firebasehosting.googleapis.com/upload/sites/bookit-56e35/versions/bde2b8ddeff1215c/files/346967126a6e7dbf71910c999c9917aa6fa51def39e65e23c77201804ccaf8be [stream]
[debug] [2026-02-03T18:18:14.545Z] <<< [apiv2][status] POST https://upload-firebasehosting.googleapis.com/upload/sites/bookit-56e35/versions/bde2b8ddeff1215c/files/f0a0b634e81c337a15e36a3a15f919aafe81f2b5a5d45c241170a89f352f68ad 200
[debug] [2026-02-03T18:18:14.545Z] <<< [apiv2][body] POST https://upload-firebasehosting.googleapis.com/upload/sites/bookit-56e35/versions/bde2b8ddeff1215c/files/f0a0b634e81c337a15e36a3a15f919aafe81f2b5a5d45c241170a89f352f68ad [stream]
[debug] [2026-02-03T18:18:15.393Z] <<< [apiv2][status] POST https://upload-firebasehosting.googleapis.com/upload/sites/bookit-56e35/versions/bde2b8ddeff1215c/files/47a57793b3faedcde548404105d39d2f852d74a06ef8fcf46007612bf497b57a 200
[debug] [2026-02-03T18:18:15.393Z] <<< [apiv2][body] POST https://upload-firebasehosting.googleapis.com/upload/sites/bookit-56e35/versions/bde2b8ddeff1215c/files/47a57793b3faedcde548404105d39d2f852d74a06ef8fcf46007612bf497b57a [stream]
[debug] [2026-02-03T18:18:15.412Z] <<< [apiv2][status] POST https://upload-firebasehosting.googleapis.com/upload/sites/bookit-56e35/versions/bde2b8ddeff1215c/files/9817ed0b48d2d05b0a44193b7d3a63fad3d91964211142c8991ec9cc725a7ba0 200
[debug] [2026-02-03T18:18:15.412Z] <<< [apiv2][body] POST https://upload-firebasehosting.googleapis.com/upload/sites/bookit-56e35/versions/bde2b8ddeff1215c/files/9817ed0b48d2d05b0a44193b7d3a63fad3d91964211142c8991ec9cc725a7ba0 [stream]
[debug] [2026-02-03T18:18:15.435Z] <<< [apiv2][status] POST https://upload-firebasehosting.googleapis.com/upload/sites/bookit-56e35/versions/bde2b8ddeff1215c/files/271d90000e2d179d7cf80a0f06209981cdb4d8df6cdb74546005b904f467c408 200
[debug] [2026-02-03T18:18:15.435Z] <<< [apiv2][body] POST https://upload-firebasehosting.googleapis.com/upload/sites/bookit-56e35/versions/bde2b8ddeff1215c/files/271d90000e2d179d7cf80a0f06209981cdb4d8df6cdb74546005b904f467c408 [stream]
[debug] [2026-02-03T18:18:15.463Z] <<< [apiv2][status] POST https://upload-firebasehosting.googleapis.com/upload/sites/bookit-56e35/versions/bde2b8ddeff1215c/files/6753a8426498ccc0d0e722fe1469041a5d19a9ad2f0519c5e79084056f5369e1 200
[debug] [2026-02-03T18:18:15.463Z] <<< [apiv2][body] POST https://upload-firebasehosting.googleapis.com/upload/sites/bookit-56e35/versions/bde2b8ddeff1215c/files/6753a8426498ccc0d0e722fe1469041a5d19a9ad2f0519c5e79084056f5369e1 [stream]
[debug] [2026-02-03T18:18:15.936Z] <<< [apiv2][status] POST https://upload-firebasehosting.googleapis.com/upload/sites/bookit-56e35/versions/bde2b8ddeff1215c/files/384b5b671f088db3b3fa3a94072126d77701df7b8f336cc6a73520b87a49ce23 200
[debug] [2026-02-03T18:18:15.936Z] <<< [apiv2][body] POST https://upload-firebasehosting.googleapis.com/upload/sites/bookit-56e35/versions/bde2b8ddeff1215c/files/384b5b671f088db3b3fa3a94072126d77701df7b8f336cc6a73520b87a49ce23 [stream]
[debug] [2026-02-03T18:18:16.089Z] <<< [apiv2][status] POST https://upload-firebasehosting.googleapis.com/upload/sites/bookit-56e35/versions/bde2b8ddeff1215c/files/33f432d22a98429da5d92361b44ad7dfa08fc7eac972642eac5834dce3f44950 200
[debug] [2026-02-03T18:18:16.089Z] <<< [apiv2][body] POST https://upload-firebasehosting.googleapis.com/upload/sites/bookit-56e35/versions/bde2b8ddeff1215c/files/33f432d22a98429da5d92361b44ad7dfa08fc7eac972642eac5834dce3f44950 [stream]
[debug] [2026-02-03T18:19:01.949Z] <<< [apiv2][status] POST https://upload-firebasehosting.googleapis.com/upload/sites/bookit-56e35/versions/bde2b8ddeff1215c/files/738061085b5efbd69ff1e556c4f641b3d46a657980e63b5e0b2bb27831a76337 200
[debug] [2026-02-03T18:19:01.949Z] <<< [apiv2][body] POST https://upload-firebasehosting.googleapis.com/upload/sites/bookit-56e35/versions/bde2b8ddeff1215c/files/738061085b5efbd69ff1e556c4f641b3d46a657980e63b5e0b2bb27831a76337 [stream]
[debug] [2026-02-03T18:20:27.617Z] <<< [apiv2][status] POST https://upload-firebasehosting.googleapis.com/upload/sites/bookit-56e35/versions/bde2b8ddeff1215c/files/d79d1b9af93c66607418973d6562eb4b01ab36bb559248ecd63d8dc586b2ebf7 200
[debug] [2026-02-03T18:20:27.617Z] <<< [apiv2][body] POST https://upload-firebasehosting.googleapis.com/upload/sites/bookit-56e35/versions/bde2b8ddeff1215c/files/d79d1b9af93c66607418973d6562eb4b01ab36bb559248ecd63d8dc586b2ebf7 [stream]
[debug] [2026-02-03T18:20:55.789Z] <<< [apiv2][status] POST https://upload-firebasehosting.googleapis.com/upload/sites/bookit-56e35/versions/bde2b8ddeff1215c/files/98e11eb1f2b9650e8e5d0c6791cbba58a6feac34a8687b0a400d537aa8a0672d 200
[debug] [2026-02-03T18:20:55.790Z] <<< [apiv2][body] POST https://upload-firebasehosting.googleapis.com/upload/sites/bookit-56e35/versions/bde2b8ddeff1215c/files/98e11eb1f2b9650e8e5d0c6791cbba58a6feac34a8687b0a400d537aa8a0672d [stream]
